[0.061s] DEBUG:colcon:Command line arguments: ['/usr/bin/colcon', 'build', '--packages-select', 'ur10e_robotiq_description']
[0.061s] DEBUG:colcon:Parsed command line arguments: Namespace(log_base=None, log_level=None, verb_name='build', build_base='build', install_base='install', merge_install=False, symlink_install=False, test_result_base=None, continue_on_error=False, executor='parallel', parallel_workers=24, event_handlers=None, ignore_user_meta=False, metas=['./colcon.meta'], base_paths=['.'], packages_ignore=None, packages_ignore_regex=None, paths=None, packages_up_to=None, packages_up_to_regex=None, packages_above=None, packages_above_and_dependencies=None, packages_above_depth=None, packages_select_by_dep=None, packages_skip_by_dep=None, packages_skip_up_to=None, packages_select_build_failed=False, packages_skip_build_finished=False, packages_select_test_failures=False, packages_skip_test_passed=False, packages_select=['ur10e_robotiq_description'], packages_skip=None, packages_select_regex=None, packages_skip_regex=None, packages_start=None, packages_end=None, allow_overriding=[], cmake_args=None, cmake_target=None, cmake_target_skip_unavailable=False, cmake_clean_cache=False, cmake_clean_first=False, cmake_force_configure=False, ament_cmake_args=None, catkin_cmake_args=None, catkin_skip_building_tests=False, mixin_files=None, mixin=None, verb_parser=<colcon_mixin.mixin.mixin_argument.MixinArgumentDecorator object at 0x747882693a70>, verb_extension=<colcon_core.verb.build.BuildVerb object at 0x747882692d80>, main=<bound method BuildVerb.main of <colcon_core.verb.build.BuildVerb object at 0x747882692d80>>, mixin_verb=('build',))
[0.083s] Level 1:colcon.colcon_core.package_discovery:discover_packages(colcon_meta) check parameters
[0.083s] Level 1:colcon.colcon_core.package_discovery:discover_packages(recursive) check parameters
[0.083s] Level 1:colcon.colcon_core.package_discovery:discover_packages(ignore) check parameters
[0.083s] Level 1:colcon.colcon_core.package_discovery:discover_packages(path) check parameters
[0.083s] Level 1:colcon.colcon_core.package_discovery:discover_packages(colcon_meta) discover
[0.083s] Level 1:colcon.colcon_core.package_discovery:discover_packages(recursive) discover
[0.083s] INFO:colcon.colcon_core.package_discovery:Crawling recursively for packages in '/home/aayush/Desktop/Aayush_ws/Isaacsim-Scripts/aayush/ros2_ws'
[0.083s] Level 1:colcon.colcon_core.package_identification:_identify(.) by extensions ['ignore', 'ignore_ament_install']
[0.083s] Level 1:colcon.colcon_core.package_identification:_identify(.) by extension 'ignore'
[0.083s] Level 1:colcon.colcon_core.package_identification:_identify(.) by extension 'ignore_ament_install'
[0.083s] Level 1:colcon.colcon_core.package_identification:_identify(.) by extensions ['colcon_pkg']
[0.083s] Level 1:colcon.colcon_core.package_identification:_identify(.) by extension 'colcon_pkg'
[0.083s] Level 1:colcon.colcon_core.package_identification:_identify(.) by extensions ['colcon_meta']
[0.083s] Level 1:colcon.colcon_core.package_identification:_identify(.) by extension 'colcon_meta'
[0.083s] Level 1:colcon.colcon_core.package_identification:_identify(.) by extensions ['ros']
[0.083s] Level 1:colcon.colcon_core.package_identification:_identify(.) by extension 'ros'
[0.096s] Level 1:colcon.colcon_core.package_identification:_identify(.) by extensions ['cmake', 'python']
[0.096s] Level 1:colcon.colcon_core.package_identification:_identify(.) by extension 'cmake'
[0.096s] Level 1:colcon.colcon_core.package_identification:_identify(.) by extension 'python'
[0.096s] Level 1:colcon.colcon_core.package_identification:_identify(.) by extensions ['python_setup_py']
[0.096s] Level 1:colcon.colcon_core.package_identification:_identify(.) by extension 'python_setup_py'
[0.096s] Level 1:colcon.colcon_core.package_identification:_identify(build) by extensions ['ignore', 'ignore_ament_install']
[0.096s] Level 1:colcon.colcon_core.package_identification:_identify(build) by extension 'ignore'
[0.096s] Level 1:colcon.colcon_core.package_identification:_identify(build) ignored
[0.096s] Level 1:colcon.colcon_core.package_identification:_identify(install) by extensions ['ignore', 'ignore_ament_install']
[0.096s] Level 1:colcon.colcon_core.package_identification:_identify(install) by extension 'ignore'
[0.096s] Level 1:colcon.colcon_core.package_identification:_identify(install) ignored
[0.096s] Level 1:colcon.colcon_core.package_identification:_identify(log) by extensions ['ignore', 'ignore_ament_install']
[0.096s] Level 1:colcon.colcon_core.package_identification:_identify(log) by extension 'ignore'
[0.096s] Level 1:colcon.colcon_core.package_identification:_identify(log) ignored
[0.096s] Level 1:colcon.colcon_core.package_identification:_identify(src) by extensions ['ignore', 'ignore_ament_install']
[0.096s] Level 1:colcon.colcon_core.package_identification:_identify(src) by extension 'ignore'
[0.096s] Level 1:colcon.colcon_core.package_identification:_identify(src) by extension 'ignore_ament_install'
[0.096s] Level 1:colcon.colcon_core.package_identification:_identify(src) by extensions ['colcon_pkg']
[0.096s] Level 1:colcon.colcon_core.package_identification:_identify(src) by extension 'colcon_pkg'
[0.096s] Level 1:colcon.colcon_core.package_identification:_identify(src) by extensions ['colcon_meta']
[0.096s] Level 1:colcon.colcon_core.package_identification:_identify(src) by extension 'colcon_meta'
[0.096s] Level 1:colcon.colcon_core.package_identification:_identify(src) by extensions ['ros']
[0.096s] Level 1:colcon.colcon_core.package_identification:_identify(src) by extension 'ros'
[0.096s] Level 1:colcon.colcon_core.package_identification:_identify(src) by extensions ['cmake', 'python']
[0.096s] Level 1:colcon.colcon_core.package_identification:_identify(src) by extension 'cmake'
[0.096s] Level 1:colcon.colcon_core.package_identification:_identify(src) by extension 'python'
[0.096s] Level 1:colcon.colcon_core.package_identification:_identify(src) by extensions ['python_setup_py']
[0.096s] Level 1:colcon.colcon_core.package_identification:_identify(src) by extension 'python_setup_py'
[0.096s] Level 1:colcon.colcon_core.package_identification:_identify(src/urdf) by extensions ['ignore', 'ignore_ament_install']
[0.096s] Level 1:colcon.colcon_core.package_identification:_identify(src/urdf) by extension 'ignore'
[0.096s] Level 1:colcon.colcon_core.package_identification:_identify(src/urdf) by extension 'ignore_ament_install'
[0.096s] Level 1:colcon.colcon_core.package_identification:_identify(src/urdf) by extensions ['colcon_pkg']
[0.096s] Level 1:colcon.colcon_core.package_identification:_identify(src/urdf) by extension 'colcon_pkg'
[0.096s] Level 1:colcon.colcon_core.package_identification:_identify(src/urdf) by extensions ['colcon_meta']
[0.096s] Level 1:colcon.colcon_core.package_identification:_identify(src/urdf) by extension 'colcon_meta'
[0.096s] Level 1:colcon.colcon_core.package_identification:_identify(src/urdf) by extensions ['ros']
[0.096s] Level 1:colcon.colcon_core.package_identification:_identify(src/urdf) by extension 'ros'
[0.098s] DEBUG:colcon.colcon_core.package_identification:Package 'src/urdf' with type 'ros.ament_cmake' and name 'ur10e_robotiq_description'
[0.098s] Level 1:colcon.colcon_core.package_discovery:discover_packages(recursive) using defaults
[0.098s] Level 1:colcon.colcon_core.package_discovery:discover_packages(ignore) discover
[0.098s] Level 1:colcon.colcon_core.package_discovery:discover_packages(ignore) using defaults
[0.098s] Level 1:colcon.colcon_core.package_discovery:discover_packages(path) discover
[0.098s] Level 1:colcon.colcon_core.package_discovery:discover_packages(path) using defaults
[0.109s] Level 1:colcon.colcon_core.package_discovery:discover_packages(prefix_path) check parameters
[0.109s] Level 1:colcon.colcon_core.package_discovery:discover_packages(prefix_path) discover
[0.110s] DEBUG:colcon.colcon_installed_package_information.package_discovery:Found 488 installed packages in /opt/ros/jazzy
[0.111s] Level 1:colcon.colcon_core.package_discovery:discover_packages(prefix_path) using defaults
[0.136s] Level 5:colcon.colcon_core.verb:set package 'ur10e_robotiq_description' build argument 'cmake_args' from command line to 'None'
[0.136s] Level 5:colcon.colcon_core.verb:set package 'ur10e_robotiq_description' build argument 'cmake_target' from command line to 'None'
[0.136s] Level 5:colcon.colcon_core.verb:set package 'ur10e_robotiq_description' build argument 'cmake_target_skip_unavailable' from command line to 'False'
[0.136s] Level 5:colcon.colcon_core.verb:set package 'ur10e_robotiq_description' build argument 'cmake_clean_cache' from command line to 'False'
[0.136s] Level 5:colcon.colcon_core.verb:set package 'ur10e_robotiq_description' build argument 'cmake_clean_first' from command line to 'False'
[0.136s] Level 5:colcon.colcon_core.verb:set package 'ur10e_robotiq_description' build argument 'cmake_force_configure' from command line to 'False'
[0.136s] Level 5:colcon.colcon_core.verb:set package 'ur10e_robotiq_description' build argument 'ament_cmake_args' from command line to 'None'
[0.136s] Level 5:colcon.colcon_core.verb:set package 'ur10e_robotiq_description' build argument 'catkin_cmake_args' from command line to 'None'
[0.136s] Level 5:colcon.colcon_core.verb:set package 'ur10e_robotiq_description' build argument 'catkin_skip_building_tests' from command line to 'False'
[0.136s] DEBUG:colcon.colcon_core.verb:Building package 'ur10e_robotiq_description' with the following arguments: {'ament_cmake_args': None, 'build_base': '/home/aayush/Desktop/Aayush_ws/Isaacsim-Scripts/aayush/ros2_ws/build/ur10e_robotiq_description', 'catkin_cmake_args': None, 'catkin_skip_building_tests': False, 'cmake_args': None, 'cmake_clean_cache': False, 'cmake_clean_first': False, 'cmake_force_configure': False, 'cmake_target': None, 'cmake_target_skip_unavailable': False, 'install_base': '/home/aayush/Desktop/Aayush_ws/Isaacsim-Scripts/aayush/ros2_ws/install/ur10e_robotiq_description', 'merge_install': False, 'path': '/home/aayush/Desktop/Aayush_ws/Isaacsim-Scripts/aayush/ros2_ws/src/urdf', 'symlink_install': False, 'test_result_base': None}
[0.136s] INFO:colcon.colcon_core.executor:Executing jobs using 'parallel' executor
[0.137s] DEBUG:colcon.colcon_parallel_executor.executor.parallel:run_until_complete
[0.137s] INFO:colcon.colcon_ros.task.ament_cmake.build:Building ROS package in '/home/aayush/Desktop/Aayush_ws/Isaacsim-Scripts/aayush/ros2_ws/src/urdf' with build type 'ament_cmake'
[0.137s] INFO:colcon.colcon_cmake.task.cmake.build:Building CMake package in '/home/aayush/Desktop/Aayush_ws/Isaacsim-Scripts/aayush/ros2_ws/src/urdf'
[0.138s] INFO:colcon.colcon_core.plugin_system:Skipping extension 'colcon_core.shell.bat': Not used on non-Windows systems
[0.138s] INFO:colcon.colcon_core.shell:Skip shell extension 'powershell' for command environment: Not usable outside of PowerShell
[0.138s] DEBUG:colcon.colcon_core.shell:Skip shell extension 'dsv' for command environment
[0.142s] DEBUG:colcon.colcon_core.event_handler.log_command:Invoking command in '/home/aayush/Desktop/Aayush_ws/Isaacsim-Scripts/aayush/ros2_ws/build/ur10e_robotiq_description': CMAKE_PREFIX_PATH=${CMAKE_PREFIX_PATH}:/opt/ros/jazzy DEBUGINFOD_URLS=https://debuginfod.ubuntu.com /usr/bin/cmake /home/aayush/Desktop/Aayush_ws/Isaacsim-Scripts/aayush/ros2_ws/src/urdf -DCMAKE_INSTALL_PREFIX=/home/aayush/Desktop/Aayush_ws/Isaacsim-Scripts/aayush/ros2_ws/install/ur10e_robotiq_description
[0.499s] DEBUG:colcon.colcon_core.event_handler.log_command:Invoked command in '/home/aayush/Desktop/Aayush_ws/Isaacsim-Scripts/aayush/ros2_ws/build/ur10e_robotiq_description' returned '0': CMAKE_PREFIX_PATH=${CMAKE_PREFIX_PATH}:/opt/ros/jazzy DEBUGINFOD_URLS=https://debuginfod.ubuntu.com /usr/bin/cmake /home/aayush/Desktop/Aayush_ws/Isaacsim-Scripts/aayush/ros2_ws/src/urdf -DCMAKE_INSTALL_PREFIX=/home/aayush/Desktop/Aayush_ws/Isaacsim-Scripts/aayush/ros2_ws/install/ur10e_robotiq_description
[0.499s] DEBUG:colcon.colcon_core.event_handler.log_command:Invoking command in '/home/aayush/Desktop/Aayush_ws/Isaacsim-Scripts/aayush/ros2_ws/build/ur10e_robotiq_description': CMAKE_PREFIX_PATH=${CMAKE_PREFIX_PATH}:/opt/ros/jazzy DEBUGINFOD_URLS=https://debuginfod.ubuntu.com /usr/bin/cmake --build /home/aayush/Desktop/Aayush_ws/Isaacsim-Scripts/aayush/ros2_ws/build/ur10e_robotiq_description -- -j24 -l24
[0.520s] DEBUG:colcon.colcon_core.event_handler.log_command:Invoked command in '/home/aayush/Desktop/Aayush_ws/Isaacsim-Scripts/aayush/ros2_ws/build/ur10e_robotiq_description' returned '0': CMAKE_PREFIX_PATH=${CMAKE_PREFIX_PATH}:/opt/ros/jazzy DEBUGINFOD_URLS=https://debuginfod.ubuntu.com /usr/bin/cmake --build /home/aayush/Desktop/Aayush_ws/Isaacsim-Scripts/aayush/ros2_ws/build/ur10e_robotiq_description -- -j24 -l24
[0.525s] DEBUG:colcon.colcon_core.event_handler.log_command:Invoking command in '/home/aayush/Desktop/Aayush_ws/Isaacsim-Scripts/aayush/ros2_ws/build/ur10e_robotiq_description': CMAKE_PREFIX_PATH=${CMAKE_PREFIX_PATH}:/opt/ros/jazzy DEBUGINFOD_URLS=https://debuginfod.ubuntu.com /usr/bin/cmake --install /home/aayush/Desktop/Aayush_ws/Isaacsim-Scripts/aayush/ros2_ws/build/ur10e_robotiq_description
[0.530s] Level 1:colcon.colcon_core.environment:create_environment_scripts_only(ur10e_robotiq_description)
[0.530s] DEBUG:colcon.colcon_core.event_handler.log_command:Invoked command in '/home/aayush/Desktop/Aayush_ws/Isaacsim-Scripts/aayush/ros2_ws/build/ur10e_robotiq_description' returned '0': CMAKE_PREFIX_PATH=${CMAKE_PREFIX_PATH}:/opt/ros/jazzy DEBUGINFOD_URLS=https://debuginfod.ubuntu.com /usr/bin/cmake --install /home/aayush/Desktop/Aayush_ws/Isaacsim-Scripts/aayush/ros2_ws/build/ur10e_robotiq_description
[0.532s] Level 1:colcon.colcon_core.environment:checking '/home/aayush/Desktop/Aayush_ws/Isaacsim-Scripts/aayush/ros2_ws/install/ur10e_robotiq_description' for CMake module files
[0.532s] Level 1:colcon.colcon_core.environment:checking '/home/aayush/Desktop/Aayush_ws/Isaacsim-Scripts/aayush/ros2_ws/install/ur10e_robotiq_description' for CMake config files
[0.532s] Level 1:colcon.colcon_core.shell:create_environment_hook('ur10e_robotiq_description', 'cmake_prefix_path')
[0.532s] INFO:colcon.colcon_core.shell:Creating environment hook '/home/aayush/Desktop/Aayush_ws/Isaacsim-Scripts/aayush/ros2_ws/install/ur10e_robotiq_description/share/ur10e_robotiq_description/hook/cmake_prefix_path.ps1'
[0.532s] INFO:colcon.colcon_core.shell:Creating environment descriptor '/home/aayush/Desktop/Aayush_ws/Isaacsim-Scripts/aayush/ros2_ws/install/ur10e_robotiq_description/share/ur10e_robotiq_description/hook/cmake_prefix_path.dsv'
[0.532s] INFO:colcon.colcon_core.shell:Creating environment hook '/home/aayush/Desktop/Aayush_ws/Isaacsim-Scripts/aayush/ros2_ws/install/ur10e_robotiq_description/share/ur10e_robotiq_description/hook/cmake_prefix_path.sh'
[0.533s] Level 1:colcon.colcon_core.environment:checking '/home/aayush/Desktop/Aayush_ws/Isaacsim-Scripts/aayush/ros2_ws/install/ur10e_robotiq_description/bin'
[0.533s] Level 1:colcon.colcon_core.environment:checking '/home/aayush/Desktop/Aayush_ws/Isaacsim-Scripts/aayush/ros2_ws/install/ur10e_robotiq_description/lib/pkgconfig/ur10e_robotiq_description.pc'
[0.533s] Level 1:colcon.colcon_core.environment:checking '/home/aayush/Desktop/Aayush_ws/Isaacsim-Scripts/aayush/ros2_ws/install/ur10e_robotiq_description/lib/python3.12/site-packages'
[0.533s] Level 1:colcon.colcon_core.environment:checking '/home/aayush/Desktop/Aayush_ws/Isaacsim-Scripts/aayush/ros2_ws/install/ur10e_robotiq_description/bin'
[0.533s] INFO:colcon.colcon_core.shell:Creating package script '/home/aayush/Desktop/Aayush_ws/Isaacsim-Scripts/aayush/ros2_ws/install/ur10e_robotiq_description/share/ur10e_robotiq_description/package.ps1'
[0.542s] INFO:colcon.colcon_core.shell:Creating package descriptor '/home/aayush/Desktop/Aayush_ws/Isaacsim-Scripts/aayush/ros2_ws/install/ur10e_robotiq_description/share/ur10e_robotiq_description/package.dsv'
[0.542s] INFO:colcon.colcon_core.shell:Creating package script '/home/aayush/Desktop/Aayush_ws/Isaacsim-Scripts/aayush/ros2_ws/install/ur10e_robotiq_description/share/ur10e_robotiq_description/package.sh'
[0.543s] INFO:colcon.colcon_core.shell:Creating package script '/home/aayush/Desktop/Aayush_ws/Isaacsim-Scripts/aayush/ros2_ws/install/ur10e_robotiq_description/share/ur10e_robotiq_description/package.bash'
[0.543s] INFO:colcon.colcon_core.shell:Creating package script '/home/aayush/Desktop/Aayush_ws/Isaacsim-Scripts/aayush/ros2_ws/install/ur10e_robotiq_description/share/ur10e_robotiq_description/package.zsh'
[0.543s] Level 1:colcon.colcon_core.environment:create_file_with_runtime_dependencies(/home/aayush/Desktop/Aayush_ws/Isaacsim-Scripts/aayush/ros2_ws/install/ur10e_robotiq_description/share/colcon-core/packages/ur10e_robotiq_description)
[0.544s] Level 1:colcon.colcon_core.environment:create_environment_scripts_only(ur10e_robotiq_description)
[0.544s] Level 1:colcon.colcon_core.environment:checking '/home/aayush/Desktop/Aayush_ws/Isaacsim-Scripts/aayush/ros2_ws/install/ur10e_robotiq_description' for CMake module files
[0.544s] Level 1:colcon.colcon_core.environment:checking '/home/aayush/Desktop/Aayush_ws/Isaacsim-Scripts/aayush/ros2_ws/install/ur10e_robotiq_description' for CMake config files
[0.544s] Level 1:colcon.colcon_core.shell:create_environment_hook('ur10e_robotiq_description', 'cmake_prefix_path')
[0.544s] INFO:colcon.colcon_core.shell:Creating environment hook '/home/aayush/Desktop/Aayush_ws/Isaacsim-Scripts/aayush/ros2_ws/install/ur10e_robotiq_description/share/ur10e_robotiq_description/hook/cmake_prefix_path.ps1'
[0.544s] INFO:colcon.colcon_core.shell:Creating environment descriptor '/home/aayush/Desktop/Aayush_ws/Isaacsim-Scripts/aayush/ros2_ws/install/ur10e_robotiq_description/share/ur10e_robotiq_description/hook/cmake_prefix_path.dsv'
[0.544s] INFO:colcon.colcon_core.shell:Creating environment hook '/home/aayush/Desktop/Aayush_ws/Isaacsim-Scripts/aayush/ros2_ws/install/ur10e_robotiq_description/share/ur10e_robotiq_description/hook/cmake_prefix_path.sh'
[0.544s] Level 1:colcon.colcon_core.environment:checking '/home/aayush/Desktop/Aayush_ws/Isaacsim-Scripts/aayush/ros2_ws/install/ur10e_robotiq_description/bin'
[0.545s] Level 1:colcon.colcon_core.environment:checking '/home/aayush/Desktop/Aayush_ws/Isaacsim-Scripts/aayush/ros2_ws/install/ur10e_robotiq_description/lib/pkgconfig/ur10e_robotiq_description.pc'
[0.545s] Level 1:colcon.colcon_core.environment:checking '/home/aayush/Desktop/Aayush_ws/Isaacsim-Scripts/aayush/ros2_ws/install/ur10e_robotiq_description/lib/python3.12/site-packages'
[0.545s] Level 1:colcon.colcon_core.environment:checking '/home/aayush/Desktop/Aayush_ws/Isaacsim-Scripts/aayush/ros2_ws/install/ur10e_robotiq_description/bin'
[0.545s] INFO:colcon.colcon_core.shell:Creating package script '/home/aayush/Desktop/Aayush_ws/Isaacsim-Scripts/aayush/ros2_ws/install/ur10e_robotiq_description/share/ur10e_robotiq_description/package.ps1'
[0.545s] INFO:colcon.colcon_core.shell:Creating package descriptor '/home/aayush/Desktop/Aayush_ws/Isaacsim-Scripts/aayush/ros2_ws/install/ur10e_robotiq_description/share/ur10e_robotiq_description/package.dsv'
[0.545s] INFO:colcon.colcon_core.shell:Creating package script '/home/aayush/Desktop/Aayush_ws/Isaacsim-Scripts/aayush/ros2_ws/install/ur10e_robotiq_description/share/ur10e_robotiq_description/package.sh'
[0.545s] INFO:colcon.colcon_core.shell:Creating package script '/home/aayush/Desktop/Aayush_ws/Isaacsim-Scripts/aayush/ros2_ws/install/ur10e_robotiq_description/share/ur10e_robotiq_description/package.bash'
[0.545s] INFO:colcon.colcon_core.shell:Creating package script '/home/aayush/Desktop/Aayush_ws/Isaacsim-Scripts/aayush/ros2_ws/install/ur10e_robotiq_description/share/ur10e_robotiq_description/package.zsh'
[0.546s] Level 1:colcon.colcon_core.environment:create_file_with_runtime_dependencies(/home/aayush/Desktop/Aayush_ws/Isaacsim-Scripts/aayush/ros2_ws/install/ur10e_robotiq_description/share/colcon-core/packages/ur10e_robotiq_description)
[0.546s] DEBUG:colcon.colcon_parallel_executor.executor.parallel:closing loop
[0.546s] DEBUG:colcon.colcon_parallel_executor.executor.parallel:loop closed
[0.546s] DEBUG:colcon.colcon_parallel_executor.executor.parallel:run_until_complete finished with '0'
[0.546s] DEBUG:colcon.colcon_core.event_reactor:joining thread
[0.546s] DEBUG:colcon.colcon_core.event_reactor:joined thread
[0.546s] INFO:colcon.colcon_core.shell:Creating prefix script '/home/aayush/Desktop/Aayush_ws/Isaacsim-Scripts/aayush/ros2_ws/install/local_setup.ps1'
[0.546s] INFO:colcon.colcon_core.shell:Creating prefix util module '/home/aayush/Desktop/Aayush_ws/Isaacsim-Scripts/aayush/ros2_ws/install/_local_setup_util_ps1.py'
[0.547s] INFO:colcon.colcon_core.shell:Creating prefix chain script '/home/aayush/Desktop/Aayush_ws/Isaacsim-Scripts/aayush/ros2_ws/install/setup.ps1'
[0.547s] INFO:colcon.colcon_core.shell:Creating prefix script '/home/aayush/Desktop/Aayush_ws/Isaacsim-Scripts/aayush/ros2_ws/install/local_setup.sh'
[0.547s] INFO:colcon.colcon_core.shell:Creating prefix util module '/home/aayush/Desktop/Aayush_ws/Isaacsim-Scripts/aayush/ros2_ws/install/_local_setup_util_sh.py'
[0.547s] INFO:colcon.colcon_core.shell:Creating prefix chain script '/home/aayush/Desktop/Aayush_ws/Isaacsim-Scripts/aayush/ros2_ws/install/setup.sh'
[0.548s] INFO:colcon.colcon_core.shell:Creating prefix script '/home/aayush/Desktop/Aayush_ws/Isaacsim-Scripts/aayush/ros2_ws/install/local_setup.bash'
[0.548s] INFO:colcon.colcon_core.shell:Creating prefix chain script '/home/aayush/Desktop/Aayush_ws/Isaacsim-Scripts/aayush/ros2_ws/install/setup.bash'
[0.548s] INFO:colcon.colcon_core.shell:Creating prefix script '/home/aayush/Desktop/Aayush_ws/Isaacsim-Scripts/aayush/ros2_ws/install/local_setup.zsh'
[0.548s] INFO:colcon.colcon_core.shell:Creating prefix chain script '/home/aayush/Desktop/Aayush_ws/Isaacsim-Scripts/aayush/ros2_ws/install/setup.zsh'
