[0.005s] Invoking command in '/home/aayush/Desktop/Aayush_ws/Isaacsim-Scripts/aayush/ros2_ws/build/ur10e_robotiq_description': CMAKE_PREFIX_PATH=${CMAKE_PREFIX_PATH}:/opt/ros/jazzy DEBUGINFOD_URLS=https://debuginfod.ubuntu.com /usr/bin/cmake /home/aayush/Desktop/Aayush_ws/Isaacsim-Scripts/aayush/ros2_ws/src/urdf -DCMAKE_INSTALL_PREFIX=/home/aayush/Desktop/Aayush_ws/Isaacsim-Scripts/aayush/ros2_ws/install/ur10e_robotiq_description
[0.038s] -- The C compiler identification is GNU 11.5.0
[0.065s] -- The CXX compiler identification is GNU 11.5.0
[0.073s] -- Detecting C compiler ABI info
[0.116s] -- Detecting C compiler ABI info - done
[0.120s] -- Check for working C compiler: /usr/bin/cc - skipped
[0.120s] -- Detecting C compile features
[0.120s] -- Detecting C compile features - done
[0.125s] -- Detecting CXX compiler ABI info
[0.172s] -- Detecting CXX compiler ABI info - done
[0.178s] -- Check for working CXX compiler: /usr/bin/c++ - skipped
[0.178s] -- Detecting CXX compile features
[0.178s] -- Detecting CXX compile features - done
[0.180s] -- Found ament_cmake: 2.5.6 (/opt/ros/jazzy/share/ament_cmake/cmake)
[0.256s] -- Found Python3: /usr/bin/python3 (found version "3.12.3") found components: Interpreter 
[0.357s] -- Configuring done (0.3s)
[0.358s] -- Generating done (0.0s)
[0.359s] -- Build files have been written to: /home/aayush/Desktop/Aayush_ws/Isaacsim-Scripts/aayush/ros2_ws/build/ur10e_robotiq_description
[0.362s] Invoked command in '/home/aayush/Desktop/Aayush_ws/Isaacsim-Scripts/aayush/ros2_ws/build/ur10e_robotiq_description' returned '0': CMAKE_PREFIX_PATH=${CMAKE_PREFIX_PATH}:/opt/ros/jazzy DEBUGINFOD_URLS=https://debuginfod.ubuntu.com /usr/bin/cmake /home/aayush/Desktop/Aayush_ws/Isaacsim-Scripts/aayush/ros2_ws/src/urdf -DCMAKE_INSTALL_PREFIX=/home/aayush/Desktop/Aayush_ws/Isaacsim-Scripts/aayush/ros2_ws/install/ur10e_robotiq_description
[0.363s] Invoking command in '/home/aayush/Desktop/Aayush_ws/Isaacsim-Scripts/aayush/ros2_ws/build/ur10e_robotiq_description': CMAKE_PREFIX_PATH=${CMAKE_PREFIX_PATH}:/opt/ros/jazzy DEBUGINFOD_URLS=https://debuginfod.ubuntu.com /usr/bin/cmake --build /home/aayush/Desktop/Aayush_ws/Isaacsim-Scripts/aayush/ros2_ws/build/ur10e_robotiq_description -- -j24 -l24
[0.383s] Invoked command in '/home/aayush/Desktop/Aayush_ws/Isaacsim-Scripts/aayush/ros2_ws/build/ur10e_robotiq_description' returned '0': CMAKE_PREFIX_PATH=${CMAKE_PREFIX_PATH}:/opt/ros/jazzy DEBUGINFOD_URLS=https://debuginfod.ubuntu.com /usr/bin/cmake --build /home/aayush/Desktop/Aayush_ws/Isaacsim-Scripts/aayush/ros2_ws/build/ur10e_robotiq_description -- -j24 -l24
[0.388s] Invoking command in '/home/aayush/Desktop/Aayush_ws/Isaacsim-Scripts/aayush/ros2_ws/build/ur10e_robotiq_description': CMAKE_PREFIX_PATH=${CMAKE_PREFIX_PATH}:/opt/ros/jazzy DEBUGINFOD_URLS=https://debuginfod.ubuntu.com /usr/bin/cmake --install /home/aayush/Desktop/Aayush_ws/Isaacsim-Scripts/aayush/ros2_ws/build/ur10e_robotiq_description
[0.392s] -- Install configuration: ""
[0.392s] -- Installing: /home/aayush/Desktop/Aayush_ws/Isaacsim-Scripts/aayush/ros2_ws/install/ur10e_robotiq_description/share/ur10e_robotiq_description/urdf/ur10e_robotiq_2f_85.urdf.xacro
[0.392s] -- Installing: /home/aayush/Desktop/Aayush_ws/Isaacsim-Scripts/aayush/ros2_ws/install/ur10e_robotiq_description/share/ur10e_robotiq_description/urdf/ur10e_robotiq_2f_85_macro.urdf.xacro
[0.392s] -- Installing: /home/aayush/Desktop/Aayush_ws/Isaacsim-Scripts/aayush/ros2_ws/install/ur10e_robotiq_description/share/ur10e_robotiq_description/urdf/ur10e_6x_robotiq_2f_85.urdf.xacro
[0.392s] -- Installing: /home/aayush/Desktop/Aayush_ws/Isaacsim-Scripts/aayush/ros2_ws/install/ur10e_robotiq_description/share/ur10e_robotiq_description/urdf/ur10e_robotiq_2f_85.urdf
[0.392s] -- Installing: /home/aayush/Desktop/Aayush_ws/Isaacsim-Scripts/aayush/ros2_ws/install/ur10e_robotiq_description/share/ament_index/resource_index/package_run_dependencies/ur10e_robotiq_description
[0.392s] -- Installing: /home/aayush/Desktop/Aayush_ws/Isaacsim-Scripts/aayush/ros2_ws/install/ur10e_robotiq_description/share/ament_index/resource_index/parent_prefix_path/ur10e_robotiq_description
[0.392s] -- Installing: /home/aayush/Desktop/Aayush_ws/Isaacsim-Scripts/aayush/ros2_ws/install/ur10e_robotiq_description/share/ur10e_robotiq_description/environment/ament_prefix_path.sh
[0.392s] -- Installing: /home/aayush/Desktop/Aayush_ws/Isaacsim-Scripts/aayush/ros2_ws/install/ur10e_robotiq_description/share/ur10e_robotiq_description/environment/ament_prefix_path.dsv
[0.392s] -- Installing: /home/aayush/Desktop/Aayush_ws/Isaacsim-Scripts/aayush/ros2_ws/install/ur10e_robotiq_description/share/ur10e_robotiq_description/environment/path.sh
[0.392s] -- Installing: /home/aayush/Desktop/Aayush_ws/Isaacsim-Scripts/aayush/ros2_ws/install/ur10e_robotiq_description/share/ur10e_robotiq_description/environment/path.dsv
[0.392s] -- Installing: /home/aayush/Desktop/Aayush_ws/Isaacsim-Scripts/aayush/ros2_ws/install/ur10e_robotiq_description/share/ur10e_robotiq_description/local_setup.bash
[0.393s] -- Installing: /home/aayush/Desktop/Aayush_ws/Isaacsim-Scripts/aayush/ros2_ws/install/ur10e_robotiq_description/share/ur10e_robotiq_description/local_setup.sh
[0.393s] -- Installing: /home/aayush/Desktop/Aayush_ws/Isaacsim-Scripts/aayush/ros2_ws/install/ur10e_robotiq_description/share/ur10e_robotiq_description/local_setup.zsh
[0.393s] -- Installing: /home/aayush/Desktop/Aayush_ws/Isaacsim-Scripts/aayush/ros2_ws/install/ur10e_robotiq_description/share/ur10e_robotiq_description/local_setup.dsv
[0.393s] -- Installing: /home/aayush/Desktop/Aayush_ws/Isaacsim-Scripts/aayush/ros2_ws/install/ur10e_robotiq_description/share/ur10e_robotiq_description/package.dsv
[0.393s] -- Installing: /home/aayush/Desktop/Aayush_ws/Isaacsim-Scripts/aayush/ros2_ws/install/ur10e_robotiq_description/share/ament_index/resource_index/packages/ur10e_robotiq_description
[0.393s] -- Installing: /home/aayush/Desktop/Aayush_ws/Isaacsim-Scripts/aayush/ros2_ws/install/ur10e_robotiq_description/share/ur10e_robotiq_description/cmake/ur10e_robotiq_descriptionConfig.cmake
[0.393s] -- Installing: /home/aayush/Desktop/Aayush_ws/Isaacsim-Scripts/aayush/ros2_ws/install/ur10e_robotiq_description/share/ur10e_robotiq_description/cmake/ur10e_robotiq_descriptionConfig-version.cmake
[0.393s] -- Installing: /home/aayush/Desktop/Aayush_ws/Isaacsim-Scripts/aayush/ros2_ws/install/ur10e_robotiq_description/share/ur10e_robotiq_description/package.xml
[0.393s] Invoked command in '/home/aayush/Desktop/Aayush_ws/Isaacsim-Scripts/aayush/ros2_ws/build/ur10e_robotiq_description' returned '0': CMAKE_PREFIX_PATH=${CMAKE_PREFIX_PATH}:/opt/ros/jazzy DEBUGINFOD_URLS=https://debuginfod.ubuntu.com /usr/bin/cmake --install /home/aayush/Desktop/Aayush_ws/Isaacsim-Scripts/aayush/ros2_ws/build/ur10e_robotiq_description
