[0.004s] Invoking command in '/home/aayush/Desktop/Aayush_ws/Isaacsim-Scripts/aayush/ros2_ws/build/ur10e_2f_85_description': CMAKE_PREFIX_PATH=${CMAKE_PREFIX_PATH}:/opt/ros/jazzy DEBUGINFOD_URLS=https://debuginfod.ubuntu.com /usr/bin/cmake /home/aayush/Desktop/Aayush_ws/Isaacsim-Scripts/aayush/ros2_ws/src/ur10e_2f_85_description -DCMAKE_INSTALL_PREFIX=/home/aayush/Desktop/Aayush_ws/Isaacsim-Scripts/aayush/ros2_ws/install/ur10e_2f_85_description
[0.029s] -- The C compiler identification is GNU 11.5.0
[0.055s] -- The CXX compiler identification is GNU 11.5.0
[0.063s] -- Detecting C compiler ABI info
[0.105s] -- Detecting C compiler ABI info - done
[0.110s] -- Check for working C compiler: /usr/bin/cc - skipped
[0.110s] -- Detecting C compile features
[0.110s] -- Detecting C compile features - done
[0.114s] -- Detecting CXX compiler ABI info
[0.157s] -- Detecting CXX compiler ABI info - done
[0.161s] -- Check for working CXX compiler: /usr/bin/c++ - skipped
[0.161s] -- Detecting CXX compile features
[0.161s] -- Detecting CXX compile features - done
[0.163s] -- Found ament_cmake: 2.5.6 (/opt/ros/jazzy/share/ament_cmake/cmake)
[0.243s] -- Found Python3: /usr/bin/python3 (found version "3.12.3") found components: Interpreter 
[0.342s] -- Configuring done (0.3s)
[0.344s] -- Generating done (0.0s)
[0.344s] -- Build files have been written to: /home/aayush/Desktop/Aayush_ws/Isaacsim-Scripts/aayush/ros2_ws/build/ur10e_2f_85_description
[0.347s] Invoked command in '/home/aayush/Desktop/Aayush_ws/Isaacsim-Scripts/aayush/ros2_ws/build/ur10e_2f_85_description' returned '0': CMAKE_PREFIX_PATH=${CMAKE_PREFIX_PATH}:/opt/ros/jazzy DEBUGINFOD_URLS=https://debuginfod.ubuntu.com /usr/bin/cmake /home/aayush/Desktop/Aayush_ws/Isaacsim-Scripts/aayush/ros2_ws/src/ur10e_2f_85_description -DCMAKE_INSTALL_PREFIX=/home/aayush/Desktop/Aayush_ws/Isaacsim-Scripts/aayush/ros2_ws/install/ur10e_2f_85_description
[0.348s] Invoking command in '/home/aayush/Desktop/Aayush_ws/Isaacsim-Scripts/aayush/ros2_ws/build/ur10e_2f_85_description': CMAKE_PREFIX_PATH=${CMAKE_PREFIX_PATH}:/opt/ros/jazzy DEBUGINFOD_URLS=https://debuginfod.ubuntu.com /usr/bin/cmake --build /home/aayush/Desktop/Aayush_ws/Isaacsim-Scripts/aayush/ros2_ws/build/ur10e_2f_85_description -- -j24 -l24
[0.368s] Invoked command in '/home/aayush/Desktop/Aayush_ws/Isaacsim-Scripts/aayush/ros2_ws/build/ur10e_2f_85_description' returned '0': CMAKE_PREFIX_PATH=${CMAKE_PREFIX_PATH}:/opt/ros/jazzy DEBUGINFOD_URLS=https://debuginfod.ubuntu.com /usr/bin/cmake --build /home/aayush/Desktop/Aayush_ws/Isaacsim-Scripts/aayush/ros2_ws/build/ur10e_2f_85_description -- -j24 -l24
[0.373s] Invoking command in '/home/aayush/Desktop/Aayush_ws/Isaacsim-Scripts/aayush/ros2_ws/build/ur10e_2f_85_description': CMAKE_PREFIX_PATH=${CMAKE_PREFIX_PATH}:/opt/ros/jazzy DEBUGINFOD_URLS=https://debuginfod.ubuntu.com /usr/bin/cmake --install /home/aayush/Desktop/Aayush_ws/Isaacsim-Scripts/aayush/ros2_ws/build/ur10e_2f_85_description
[0.377s] -- Install configuration: ""
[0.377s] -- Installing: /home/aayush/Desktop/Aayush_ws/Isaacsim-Scripts/aayush/ros2_ws/install/ur10e_2f_85_description/share/ur10e_2f_85_description/urdf
[0.377s] -- Installing: /home/aayush/Desktop/Aayush_ws/Isaacsim-Scripts/aayush/ros2_ws/install/ur10e_2f_85_description/share/ur10e_2f_85_description/urdf/ur10e_6x_robotiq_2f_85.urdf.xacro
[0.377s] -- Installing: /home/aayush/Desktop/Aayush_ws/Isaacsim-Scripts/aayush/ros2_ws/install/ur10e_2f_85_description/share/ur10e_2f_85_description/urdf/ur10e_robotiq_2f_85_macro.urdf.xacro
[0.377s] -- Installing: /home/aayush/Desktop/Aayush_ws/Isaacsim-Scripts/aayush/ros2_ws/install/ur10e_2f_85_description/share/ur10e_2f_85_description/urdf/ur10e_robotiq_2f_85.urdf.xacro
[0.377s] -- Installing: /home/aayush/Desktop/Aayush_ws/Isaacsim-Scripts/aayush/ros2_ws/install/ur10e_2f_85_description/share/ur10e_2f_85_description/urdf/ur10e_robotiq_2f_85.urdf
[0.377s] -- Installing: /home/aayush/Desktop/Aayush_ws/Isaacsim-Scripts/aayush/ros2_ws/install/ur10e_2f_85_description/share/ament_index/resource_index/package_run_dependencies/ur10e_2f_85_description
[0.378s] -- Installing: /home/aayush/Desktop/Aayush_ws/Isaacsim-Scripts/aayush/ros2_ws/install/ur10e_2f_85_description/share/ament_index/resource_index/parent_prefix_path/ur10e_2f_85_description
[0.378s] -- Installing: /home/aayush/Desktop/Aayush_ws/Isaacsim-Scripts/aayush/ros2_ws/install/ur10e_2f_85_description/share/ur10e_2f_85_description/environment/ament_prefix_path.sh
[0.378s] -- Installing: /home/aayush/Desktop/Aayush_ws/Isaacsim-Scripts/aayush/ros2_ws/install/ur10e_2f_85_description/share/ur10e_2f_85_description/environment/ament_prefix_path.dsv
[0.378s] -- Installing: /home/aayush/Desktop/Aayush_ws/Isaacsim-Scripts/aayush/ros2_ws/install/ur10e_2f_85_description/share/ur10e_2f_85_description/environment/path.sh
[0.378s] -- Installing: /home/aayush/Desktop/Aayush_ws/Isaacsim-Scripts/aayush/ros2_ws/install/ur10e_2f_85_description/share/ur10e_2f_85_description/environment/path.dsv
[0.378s] -- Installing: /home/aayush/Desktop/Aayush_ws/Isaacsim-Scripts/aayush/ros2_ws/install/ur10e_2f_85_description/share/ur10e_2f_85_description/local_setup.bash
[0.378s] -- Installing: /home/aayush/Desktop/Aayush_ws/Isaacsim-Scripts/aayush/ros2_ws/install/ur10e_2f_85_description/share/ur10e_2f_85_description/local_setup.sh
[0.378s] -- Installing: /home/aayush/Desktop/Aayush_ws/Isaacsim-Scripts/aayush/ros2_ws/install/ur10e_2f_85_description/share/ur10e_2f_85_description/local_setup.zsh
[0.378s] -- Installing: /home/aayush/Desktop/Aayush_ws/Isaacsim-Scripts/aayush/ros2_ws/install/ur10e_2f_85_description/share/ur10e_2f_85_description/local_setup.dsv
[0.378s] -- Installing: /home/aayush/Desktop/Aayush_ws/Isaacsim-Scripts/aayush/ros2_ws/install/ur10e_2f_85_description/share/ur10e_2f_85_description/package.dsv
[0.378s] -- Installing: /home/aayush/Desktop/Aayush_ws/Isaacsim-Scripts/aayush/ros2_ws/install/ur10e_2f_85_description/share/ament_index/resource_index/packages/ur10e_2f_85_description
[0.378s] -- Installing: /home/aayush/Desktop/Aayush_ws/Isaacsim-Scripts/aayush/ros2_ws/install/ur10e_2f_85_description/share/ur10e_2f_85_description/cmake/ur10e_2f_85_descriptionConfig.cmake
[0.378s] -- Installing: /home/aayush/Desktop/Aayush_ws/Isaacsim-Scripts/aayush/ros2_ws/install/ur10e_2f_85_description/share/ur10e_2f_85_description/cmake/ur10e_2f_85_descriptionConfig-version.cmake
[0.378s] -- Installing: /home/aayush/Desktop/Aayush_ws/Isaacsim-Scripts/aayush/ros2_ws/install/ur10e_2f_85_description/share/ur10e_2f_85_description/package.xml
[0.379s] Invoked command in '/home/aayush/Desktop/Aayush_ws/Isaacsim-Scripts/aayush/ros2_ws/build/ur10e_2f_85_description' returned '0': CMAKE_PREFIX_PATH=${CMAKE_PREFIX_PATH}:/opt/ros/jazzy DEBUGINFOD_URLS=https://debuginfod.ubuntu.com /usr/bin/cmake --install /home/aayush/Desktop/Aayush_ws/Isaacsim-Scripts/aayush/ros2_ws/build/ur10e_2f_85_description
